// Vitest Snapshot v1, https://vitest.dev/guide/snapshot.html

exports[`UICheckbox > snapshot 1`] = `
<div>
  <div
    class="ui-checkbox"
    data-v-cc7221d4=""
  >
    <div
      class="ui-checkbox__checkbox-container"
      data-v-cc7221d4=""
    >
      <div
        class="ui-checkbox__input-container"
        data-v-cc7221d4=""
      >
        <input
          class="ui-checkbox__input"
          data-v-cc7221d4=""
          id="some-id"
          type="checkbox"
        />
        <div
          class="ui-checkbox__overlay"
          data-v-cc7221d4=""
        >
          <svg
            aria-hidden="true"
            class="ui-checkbox__overlay-icon"
            data-v-cc7221d4=""
            height="1em"
            role="img"
            style="font-size: 16px;"
            viewBox="0 0 16 16"
            width="1em"
            xmlns="http://www.w3.org/2000/svg"
            xmlns:xlink="http://www.w3.org/1999/xlink"
          />
        </div>
      </div>
    </div>
    <label
      class="ui-checkbox__label-container"
      data-v-cc7221d4=""
      for="some-id"
    >
      <span
        class="ui-checkbox__label-text"
        data-v-cc7221d4=""
      />
      <!--v-if-->
    </label>
  </div>
</div>
`;
