// Vitest Snapshot v1, https://vitest.dev/guide/snapshot.html

exports[`UIInput > Default: > snapshot 1`] = `
<div>
  <div
    class="ui-input"
    data-v-9ef0b8ee=""
  >
    <!--v-if-->
    <input
      autocomplete="off"
      class="ui-input__input ui-input__input_size_md ui-input__input_type_text"
      data-v-9ef0b8ee=""
      id="some-id"
      type="text"
    />
    <!--v-if-->
    <!--v-if-->
  </div>
</div>
`;
