// Vitest Snapshot v1, https://vitest.dev/guide/snapshot.html

exports[`AlbumCover > snapshot 1`] = `
<div>
  <div
    class="album-cover album-cover_no-cover"
    data-v-2c4e3231=""
  >
    <svg
      aria-hidden="true"
      class="album-cover__icon"
      data-testid="icon"
      data-v-2c4e3231=""
      name="i-ph-music-note-fill"
      role="presentation"
    />
  </div>
</div>
`;
