// Vitest Snapshot v1, https://vitest.dev/guide/snapshot.html

exports[`UIIconButton > snapshot 1`] = `
<div>
  <button
    class="ui-icon-button ui-icon-button_appearance_primary"
    data-v-36b0ea7c=""
    type="button"
  >
    <svg
      aria-hidden="true"
      class=""
      data-testid="some-icon-name"
      data-v-36b0ea7c=""
      height="1em"
      role="img"
      style="font-size: 24px;"
      viewBox="0 0 16 16"
      width="1em"
      xmlns="http://www.w3.org/2000/svg"
      xmlns:xlink="http://www.w3.org/1999/xlink"
    />
  </button>
</div>
`;
