// Vitest Snapshot v1, https://vitest.dev/guide/snapshot.html

exports[`ArtistHeader > snapshot 1`] = `
<div>
  <header
    class="artist-header"
    data-v-49a44d80=""
  >
    <div
      class="artist-header__line"
      data-v-49a44d80=""
    >
      <div
        class="container"
        data-v-49a44d80=""
      >
        <div
          class="artist-header__details"
          data-v-49a44d80=""
        >
          <div
            class="artist-header__heading-container"
            data-v-49a44d80=""
          >
            <h1
              class="ui-heading ui-heading_level_1 artist-header__heading"
              data-v-32430a7f=""
              data-v-49a44d80=""
            >
              
              Artist name
              
            </h1>
            <button
              aria-label="Artist options"
              class="ui-icon-button ui-icon-button_appearance_secondary"
              data-v-36b0ea7c=""
              data-v-49a44d80=""
              type="button"
            >
              <svg
                data-testid="icon"
                data-v-36b0ea7c=""
                mode="svg"
                name="i-ph-dots-three-outline-fill"
                role="img"
                size="24"
              />
            </button>
          </div>
          <p
            class="ui-text ui-text_appearance_secondary artist-header__biography"
            data-v-49a44d80=""
            data-v-7381037b=""
          >
            
            Artist biography
            
          </p>
        </div>
      </div>
    </div>
  </header>
</div>
`;
