// Vitest Snapshot v1, https://vitest.dev/guide/snapshot.html

exports[`MobileArtistHeader > snapshot 1`] = `
<div>
  <header
    class="mobile-artist-header"
    data-v-3c360a3f=""
  >
    <div
      class="container"
      data-v-3c360a3f=""
    >
      <div
        class="mobile-artist-header__details"
        data-v-3c360a3f=""
      >
        <h1
          class="ui-heading ui-heading_level_1 mobile-artist-header__heading"
          data-v-32430a7f=""
          data-v-3c360a3f=""
        >
          
          Drake
          
        </h1>
        <button
          aria-label="Artist options"
          class="ui-icon-button ui-icon-button_appearance_secondary"
          data-v-36b0ea7c=""
          data-v-3c360a3f=""
          type="button"
        >
          <svg
            data-testid="icon"
            data-v-36b0ea7c=""
            mode="svg"
            name="i-ph-dots-three-outline-fill"
            role="img"
            size="24"
          />
        </button>
      </div>
    </div>
  </header>
</div>
`;
