// Vitest Snapshot v1, https://vitest.dev/guide/snapshot.html

exports[`CompactTrackList > snapshot 1`] = `
<div>
  <ul
    aria-label="Track list"
    class="compact-track-list"
  >
    
    <li
      aria-label="Track name"
      class="compact-track-list-item"
      data-v-c0da33d3=""
      tabindex="0"
    >
      <div
        class="compact-track-list-item__column"
        data-v-c0da33d3=""
      >
        <div
          class="compact-track-list-item__cover-container"
          data-v-c0da33d3=""
        >
          <div
            class="track-cover compact-track-list-item__cover"
            data-v-8d689621=""
            data-v-c0da33d3=""
          >
            <img
              alt="Track name"
              data-nuxt-img=""
              data-v-8d689621=""
              fetchpriority="high"
              loading="eager"
              src="https://fake-url.com"
              srcset="https://fake-url.com 1x, https://fake-url.com 2x"
            />
          </div>
          <svg
            class="icon-equalizer compact-track-list-item__equalizer-icon"
            data-v-7720011a=""
            data-v-c0da33d3=""
            height="24"
            style="display: none;"
            viewBox="0 0 24 24"
            width="24"
            xmlns="http://www.w3.org/2000/svg"
          >
            <rect
              class="eq-bar eq-bar--1"
              data-v-7720011a=""
              height="4"
              width="3.7"
              x="4"
              y="4"
            />
            <rect
              class="eq-bar eq-bar--2"
              data-v-7720011a=""
              height="4"
              width="3.7"
              x="10.2"
              y="4"
            />
            <rect
              class="eq-bar eq-bar--3"
              data-v-7720011a=""
              height="4"
              width="3.7"
              x="16.3"
              y="4"
            />
          </svg>
          <button
            aria-label="Play track"
            class="ui-icon-button ui-icon-button_appearance_primary compact-track-list-item__action-button"
            data-v-36b0ea7c=""
            data-v-c0da33d3=""
            style="display: none;"
            type="button"
          >
            <svg
              data-testid="icon"
              data-v-36b0ea7c=""
              mode="svg"
              name="ph:play-fill"
              role="img"
              size="20"
            />
          </button>
        </div>
      </div>
      <div
        class="compact-track-list-item__column"
        data-v-c0da33d3=""
      >
        <div
          class="compact-track-list-item__details"
          data-v-c0da33d3=""
        >
          <div
            class="compact-track-list-item__details-top-line"
            data-v-c0da33d3=""
          >
            <a
              class="ui-link ui-link_appearance_primary ui-link_hover-underline compact-track-list-item__name"
              data-v-c0da33d3=""
              data-v-edb7310d=""
              href="[object Object]"
            >
              
              
              Track name
              
              
            </a>
            <svg
              class="compact-track-list-item__explicit-icon"
              data-testid="icon"
              data-v-c0da33d3=""
              name="material-symbols:explicit"
              size="16"
            />
          </div>
          <div
            class="compact-track-list-item__details-bottom-line"
            data-v-c0da33d3=""
          >
            <div
              class="artist-links compact-track-list-item__artist-links"
              data-v-c0da33d3=""
              data-v-fd41c0c1=""
            >
              
              <div
                class="artist-links__item"
                data-v-fd41c0c1=""
              >
                <a
                  class="ui-link ui-link_appearance_secondary artist-links__link"
                  data-v-edb7310d=""
                  data-v-fd41c0c1=""
                  href="[object Object]"
                >
                  
                  
                  Simplified artist name
                  
                  
                </a>
                <span
                  data-v-fd41c0c1=""
                >
                  , 
                </span>
              </div>
              <div
                class="artist-links__item"
                data-v-fd41c0c1=""
              >
                <a
                  class="ui-link ui-link_appearance_secondary artist-links__link"
                  data-v-edb7310d=""
                  data-v-fd41c0c1=""
                  href="[object Object]"
                >
                  
                  
                  Simplified artist name
                  
                  
                </a>
                <!--v-if-->
              </div>
              
            </div>
          </div>
        </div>
      </div>
      <div
        class="compact-track-list-item__column"
        data-v-c0da33d3=""
      >
        <div
          class="compact-track-list-item__add-track-button"
          data-v-c0da33d3=""
        >
          <button
            aria-label="Add track"
            class="ui-icon-button ui-icon-button_appearance_secondary"
            data-v-36b0ea7c=""
            data-v-c0da33d3=""
            style="display: none;"
            type="button"
          >
            <svg
              data-testid="icon"
              data-v-36b0ea7c=""
              mode="svg"
              name="ph:plus-bold"
              role="img"
              size="16"
            />
          </button>
        </div>
      </div>
      <div
        class="compact-track-list-item__column"
        data-v-c0da33d3=""
      >
        <p
          class="ui-text ui-text_appearance_secondary"
          data-v-7381037b=""
          data-v-c0da33d3=""
        >
          
          05:00
          
        </p>
      </div>
      <div
        class="compact-track-list-item__column"
        data-v-c0da33d3=""
      >
        <button
          aria-label="Track menu"
          class="ui-icon-button ui-icon-button_appearance_secondary"
          data-v-36b0ea7c=""
          data-v-c0da33d3=""
          type="button"
        >
          <svg
            data-testid="icon"
            data-v-36b0ea7c=""
            mode="svg"
            name="i-ph-dots-three-outline-fill"
            role="img"
            size="24"
          />
        </button>
      </div>
    </li>
    
  </ul>
</div>
`;
