// Vitest Snapshot v1, https://vitest.dev/guide/snapshot.html

exports[`ArtistAvatar > snapshot 1`] = `
<div>
  <div
    class="artist-avatar artist-avatar_no-cover"
    data-v-3453b790=""
  >
    <svg
      aria-hidden="true"
      class="artist-avatar__icon"
      data-testid="icon"
      data-v-3453b790=""
      name="i-ph-music-note-fill"
      role="presentation"
    />
  </div>
</div>
`;
