// Vitest Snapshot v1, https://vitest.dev/guide/snapshot.html

exports[`UILink > Default: > snapshot 1`] = `
<div>
  <a
    class="ui-link ui-link_is-hover-underlined"
    data-v-3f4564b8=""
    href="https://www.google.ru/"
    rel="noopener noreferrer"
  >
    
    Google.com
    
  </a>
</div>
`;
