// Vitest Snapshot v1, https://vitest.dev/guide/snapshot.html

exports[`UISlider > Default: > snapshot 1`] = `
<div>
  <div
    aria-orientation="horizontal"
    aria-valuemax="100"
    aria-valuemin="0"
    aria-valuenow="0"
    class="ui-slider"
    data-v-d63b2d31=""
    role="slider"
    style="--dynamic-bar-width: 0px;"
    tabindex="0"
  >
    <div
      class="ui-slider__runway"
      data-v-d63b2d31=""
    >
      <div
        class="ui-slider__bar"
        data-v-d63b2d31=""
      >
        <button
          class="ui-slider__thumb"
          data-v-d63b2d31=""
          type="button"
        />
      </div>
    </div>
  </div>
</div>
`;
