// Vitest Snapshot v1, https://vitest.dev/guide/snapshot.html

exports[`MobileTrackList > snapshot 1`] = `
<div>
  <ul
    aria-label="Top tracks"
    class="mobile-track-list"
  >
    
    <li
      aria-label="Track name"
      class="mobile-track-list-item"
      data-v-ae8903fa=""
    >
      <div
        class="mobile-track-list-item__column"
        data-v-ae8903fa=""
      >
        <div
          class="mobile-track-list-item__cover-container"
          data-v-ae8903fa=""
        >
          <div
            class="track-cover mobile-track-list-item__cover"
            data-v-8d689621=""
            data-v-ae8903fa=""
          >
            <img
              alt="Track name"
              data-nuxt-img=""
              data-v-8d689621=""
              fetchpriority="high"
              loading="eager"
              src="https://fake-url.com"
              srcset="https://fake-url.com 1x, https://fake-url.com 2x"
            />
          </div>
          <svg
            aria-hidden="true"
            class="icon-equalizer mobile-track-list-item__equalizer-icon"
            data-v-7720011a=""
            data-v-ae8903fa=""
            height="24"
            role="presentation"
            style="display: none;"
            viewBox="0 0 24 24"
            width="24"
            xmlns="http://www.w3.org/2000/svg"
          >
            <rect
              class="eq-bar eq-bar--1"
              data-v-7720011a=""
              height="4"
              width="3.7"
              x="4"
              y="4"
            />
            <rect
              class="eq-bar eq-bar--2"
              data-v-7720011a=""
              height="4"
              width="3.7"
              x="10.2"
              y="4"
            />
            <rect
              class="eq-bar eq-bar--3"
              data-v-7720011a=""
              height="4"
              width="3.7"
              x="16.3"
              y="4"
            />
          </svg>
        </div>
      </div>
      <div
        class="mobile-track-list-item__column"
        data-v-ae8903fa=""
      >
        <div
          class="mobile-track-list-item__details"
          data-v-ae8903fa=""
        >
          <div
            class="mobile-track-list-item__details-top-line"
            data-v-ae8903fa=""
          >
            <p
              class="ui-text ui-text_appearance_primary ui-text_ellipsis mobile-track-list-item__name"
              data-v-7381037b=""
              data-v-ae8903fa=""
            >
              
              Track name
              
            </p>
          </div>
          <div
            class="mobile-track-list-item__details-bottom-line"
            data-v-ae8903fa=""
          >
            <p
              class="ui-text ui-text_appearance_primary ui-text_ellipsis mobile-track-list-item__artist-names"
              data-v-7381037b=""
              data-v-ae8903fa=""
            >
              
              <span
                class="artist-names"
                data-v-94bfccea=""
                data-v-ae8903fa=""
              >
                
                
                <span
                  data-v-94bfccea=""
                >
                  Simplified artist name
                </span>
                <!--v-if-->
                
                
              </span>
              
            </p>
          </div>
        </div>
      </div>
      <div
        class="mobile-track-list-item__column"
        data-v-ae8903fa=""
      >
        <button
          aria-label="Open track menu"
          class="ui-icon-button ui-icon-button_appearance_secondary"
          data-v-36b0ea7c=""
          data-v-ae8903fa=""
          type="button"
        >
          <svg
            aria-hidden="true"
            class=""
            data-v-36b0ea7c=""
            height="1em"
            role="img"
            style="font-size: 24px;"
            viewBox="0 0 16 16"
            width="1em"
            xmlns="http://www.w3.org/2000/svg"
            xmlns:xlink="http://www.w3.org/1999/xlink"
          />
        </button>
      </div>
    </li>
    
  </ul>
</div>
`;
